  AssetRipper.IO.Files -> /home/ubuntu/AssetRipper-DzGreen-vnext/Source/0Bins/Other/AssetRipper.IO.Files/Release/AssetRipper.IO.Files.dll
  AssetRipper.Assets -> /home/ubuntu/AssetRipper-DzGreen-vnext/Source/0Bins/Other/AssetRipper.Assets/Release/AssetRipper.Assets.dll
  AssetRipper.Configuration -> /home/ubuntu/AssetRipper-DzGreen-vnext/Source/0Bins/Other/AssetRipper.Configuration/Release/AssetRipper.Configuration.dll
  AssetRipper.Numerics -> /home/ubuntu/AssetRipper-DzGreen-vnext/Source/0Bins/Other/AssetRipper.Numerics/Release/AssetRipper.Numerics.dll
  AssetRipper.SerializationLogic -> /home/ubuntu/AssetRipper-DzGreen-vnext/Source/0Bins/Other/AssetRipper.SerializationLogic/Release/AssetRipper.SerializationLogic.dll
  AssetRipper.SourceGenerated.Extensions.SourceGenerator -> /home/ubuntu/AssetRipper-DzGreen-vnext/Source/AssetRipper.SourceGenerated.Extensions.SourceGenerator/bin/Release/netstandard2.0/AssetRipper.SourceGenerated.Extensions.SourceGenerator.dll
  AssetRipper.SourceGenerated.Extensions -> /home/ubuntu/AssetRipper-DzGreen-vnext/Source/0Bins/Other/AssetRipper.SourceGenerated.Extensions/Release/AssetRipper.SourceGenerated.Extensions.dll
  AssetRipper.Import -> /home/ubuntu/AssetRipper-DzGreen-vnext/Source/0Bins/Other/AssetRipper.Import/Release/AssetRipper.Import.dll
  AssetRipper.Processing.SourceGenerator -> /home/ubuntu/AssetRipper-DzGreen-vnext/Source/AssetRipper.Processing.SourceGenerator/bin/Release/netstandard2.0/AssetRipper.Processing.SourceGenerator.dll
  AssetRipper.Processing -> /home/ubuntu/AssetRipper-DzGreen-vnext/Source/0Bins/Other/AssetRipper.Processing/Release/AssetRipper.Processing.dll
  AssetRipper.Export -> /home/ubuntu/AssetRipper-DzGreen-vnext/Source/0Bins/Other/AssetRipper.Export/Release/AssetRipper.Export.dll
  AssetRipper.Export.Modules.Audio -> /home/ubuntu/AssetRipper-DzGreen-vnext/Source/0Bins/Other/AssetRipper.Export.Modules.Audio/Release/AssetRipper.Export.Modules.Audio.dll
  AssetRipper.Export.Modules.Textures -> /home/ubuntu/AssetRipper-DzGreen-vnext/Source/0Bins/Other/AssetRipper.Export.Modules.Textures/Release/AssetRipper.Export.Modules.Textures.dll
  AssetRipper.Export.Modules.Models -> /home/ubuntu/AssetRipper-DzGreen-vnext/Source/0Bins/Other/AssetRipper.Export.Modules.Models/Release/AssetRipper.Export.Modules.Models.dll
  AssetRipper.Export.PrimaryContent -> /home/ubuntu/AssetRipper-DzGreen-vnext/Source/0Bins/Other/AssetRipper.Export.PrimaryContent/Release/AssetRipper.Export.PrimaryContent.dll
  AssetRipper.Yaml -> /home/ubuntu/AssetRipper-DzGreen-vnext/Source/0Bins/Other/AssetRipper.Yaml/Release/AssetRipper.Yaml.dll
  AssetRipper.Export.UnityProjects -> /home/ubuntu/AssetRipper-DzGreen-vnext/Source/0Bins/Other/AssetRipper.Export.UnityProjects/Release/AssetRipper.Export.UnityProjects.dll
  AssetRipper.GUI.Licensing.SourceGenerator -> /home/ubuntu/AssetRipper-DzGreen-vnext/Source/AssetRipper.GUI.Licensing.SourceGenerator/bin/Release/netstandard2.0/AssetRipper.GUI.Licensing.SourceGenerator.dll
  AssetRipper.GUI.Licensing -> /home/ubuntu/AssetRipper-DzGreen-vnext/Source/0Bins/Other/AssetRipper.GUI.Licensing/Release/AssetRipper.GUI.Licensing.dll
  AssetRipper.GUI.Localizations.SourceGenerator -> /home/ubuntu/AssetRipper-DzGreen-vnext/Source/AssetRipper.GUI.Localizations.SourceGenerator/bin/Release/netstandard2.0/AssetRipper.GUI.Localizations.SourceGenerator.dll
  AssetRipper.GUI.Localizations -> /home/ubuntu/AssetRipper-DzGreen-vnext/Source/0Bins/Other/AssetRipper.GUI.Localizations/Release/AssetRipper.GUI.Localizations.dll
  AssetRipper.Premium -> /home/ubuntu/AssetRipper-DzGreen-vnext/Source/0Bins/Other/AssetRipper.Premium/Release/AssetRipper.Premium.dll
  AssetRipper.Web -> /home/ubuntu/AssetRipper-DzGreen-vnext/Source/0Bins/Other/AssetRipper.Web/Release/AssetRipper.Web.dll
  AssetRipper.GUI.Web -> /home/ubuntu/AssetRipper-DzGreen-vnext/Source/0Bins/Other/AssetRipper.GUI.Web/Release/AssetRipper.GUI.Web.dll
  AssetRipper.GUI.Premium -> /home/ubuntu/AssetRipper-DzGreen-vnext/Source/0Bins/AssetRipper.GUI.Premium/Release/win-x64/AssetRipper.GUI.Premium.dll
  AssetRipper.GUI.Premium -> /home/ubuntu/AssetRipper-DzGreen-vnext/artifacts/rc2-response3/publish-win-x64/
